// Jest Snapshot v1, https://goo.gl/fbAQLP

exports[`renders the app correctly 1`] = `
<div>
  <div>
    <p>
      NORTHWIND
    </p>
  </div>
  <div
    className="loader"
  />
</div>
`;
